<?xml version="1.0" encoding="UTF-8"?>
<TestRun id="22b03e56-a01c-48d3-b838-7a00397098f9" name="marat@MARAT-DESK 2012-11-03 18:37:31" runUser="marat-desk\marat" xmlns="http://microsoft.com/schemas/VisualStudio/TeamTest/2010">
  <TestSettings name="Local" id="4fc05f4d-0c9d-46fb-bbf6-0f531b32aa51">
    <Description>These are default test settings for a local test run.</Description>
    <Deployment enabled="false" runDeploymentRoot="marat_MARAT-DESK 2012-11-03 18_37_31">
      <DeploymentItem filename="C:\Prog\AgileCourse\Lab1\Tree\Domain\Domain\bin\Debug\Domain.dll" />
    </Deployment>
    <Execution>
      <TestTypeSpecific />
      <AgentRule name="Execution Agents">
      </AgentRule>
    </Execution>
  </TestSettings>
  <Times creation="2012-11-03T18:37:31.7979283+04:00" queuing="2012-11-03T18:37:32.4599662+04:00" start="2012-11-03T18:37:32.5799731+04:00" finish="2012-11-03T18:37:32.8649894+04:00" />
  <ResultSummary outcome="Completed">
    <Counters total="1" executed="1" passed="1" error="0" failed="0" timeout="0" aborted="0" inconclusive="0" passedButRunAborted="0" notRunnable="0" notExecuted="0" disconnected="0" warning="0" completed="0" inProgress="0" pending="0" />
  </ResultSummary>
  <TestDefinitions>
    <UnitTest name="EmptyTreeCanBeCreated" storage="c:\prog\agilecourse\lab1\tree\tests\tests\bin\debug\tests.dll" id="6e9900d2-4554-5ea9-6016-a4cf1e5e5cc2">
      <Execution id="b5dd3699-f1cf-4727-92ed-612c91aac5ad" />
      <TestMethod codeBase="C:/Prog/AgileCourse/Lab1/Tree/Tests/Tests/bin/Debug/Tests.DLL" adapterTypeName="Microsoft.VisualStudio.TestTools.TestTypes.Unit.UnitTestAdapter, Microsoft.VisualStudio.QualityTools.Tips.UnitTest.Adapter, Version=10.0.0.0, Culture=neutral, PublicKeyToken=b03f5f7f11d50a3a" className="Tests.Domain.WhenCreatingTree, Tests, Version=1.0.0.0, Culture=neutral, PublicKeyToken=null" name="EmptyTreeCanBeCreated" />
    </UnitTest>
  </TestDefinitions>
  <TestLists>
    <TestList name="Results Not in a List" id="8c84fa94-04c1-424b-9868-57a2d4851a1d" />
    <TestList name="All Loaded Results" id="19431567-8539-422a-85d7-44ee4e166bda" />
  </TestLists>
  <TestEntries>
    <TestEntry testId="6e9900d2-4554-5ea9-6016-a4cf1e5e5cc2" executionId="b5dd3699-f1cf-4727-92ed-612c91aac5ad" testListId="8c84fa94-04c1-424b-9868-57a2d4851a1d" />
  </TestEntries>
  <Results>
    <UnitTestResult executionId="b5dd3699-f1cf-4727-92ed-612c91aac5ad" testId="6e9900d2-4554-5ea9-6016-a4cf1e5e5cc2" testName="EmptyTreeCanBeCreated" computerName="MARAT-DESK" duration="00:00:00.0101190" startTime="2012-11-03T18:37:32.6179752+04:00" endTime="2012-11-03T18:37:32.8169866+04:00" testType="13cdc9d9-ddb5-4fa4-a97d-d965ccfc6d4b" outcome="Passed" testListId="8c84fa94-04c1-424b-9868-57a2d4851a1d" relativeResultsDirectory="b5dd3699-f1cf-4727-92ed-612c91aac5ad">
    </UnitTestResult>
  </Results>
</TestRun>