<?xml version="1.0" encoding="UTF-8"?>
<TestRun id="54f6b71e-bd62-4831-9347-f994c8e31ff0" name="marat@MARAT-DESK 2012-11-03 19:02:23" runUser="marat-desk\marat" xmlns="http://microsoft.com/schemas/VisualStudio/TeamTest/2010">
  <TestSettings name="Local" id="4fc05f4d-0c9d-46fb-bbf6-0f531b32aa51">
    <Description>These are default test settings for a local test run.</Description>
    <Deployment enabled="false" runDeploymentRoot="marat_MARAT-DESK 2012-11-03 19_02_23">
      <DeploymentItem filename="C:\Prog\AgileCourse\Lab1\Tree\Domain\Domain\bin\Debug\Domain.dll" />
    </Deployment>
    <Execution>
      <TestTypeSpecific />
      <AgentRule name="Execution Agents">
      </AgentRule>
    </Execution>
  </TestSettings>
  <Times creation="2012-11-03T19:02:23.0612237+04:00" queuing="2012-11-03T19:02:23.0942256+04:00" start="2012-11-03T19:02:23.0972258+04:00" finish="2012-11-03T19:02:23.2402340+04:00" />
  <ResultSummary outcome="Failed">
    <Counters total="2" executed="2" passed="1" error="0" failed="1" timeout="0" aborted="0" inconclusive="0" passedButRunAborted="0" notRunnable="0" notExecuted="0" disconnected="0" warning="0" completed="0" inProgress="0" pending="0" />
  </ResultSummary>
  <TestDefinitions>
    <UnitTest name="TreeCanBeInitializedFromCollection" storage="c:\prog\agilecourse\lab1\tree\tests\tests\bin\debug\tests.dll" id="6daecd2b-89cf-cb0c-239f-1d025a26dfe9">
      <Execution id="1cc8a41e-a75e-4ad9-9d98-c447770ad78e" />
      <TestMethod codeBase="C:/Prog/AgileCourse/Lab1/Tree/Tests/Tests/bin/Debug/Tests.DLL" adapterTypeName="Microsoft.VisualStudio.TestTools.TestTypes.Unit.UnitTestAdapter, Microsoft.VisualStudio.QualityTools.Tips.UnitTest.Adapter, Version=10.0.0.0, Culture=neutral, PublicKeyToken=b03f5f7f11d50a3a" className="Tests.Domain.WhenCreatingTree, Tests, Version=1.0.0.0, Culture=neutral, PublicKeyToken=null" name="TreeCanBeInitializedFromCollection" />
    </UnitTest>
    <UnitTest name="EmptyTreeCanBeInitialized" storage="c:\prog\agilecourse\lab1\tree\tests\tests\bin\debug\tests.dll" id="803a54d7-6acb-b5f6-22c9-37b2376acc96">
      <Execution id="51af6ffa-3be9-4d16-b5cc-137972bd76d3" />
      <TestMethod codeBase="C:/Prog/AgileCourse/Lab1/Tree/Tests/Tests/bin/Debug/Tests.DLL" adapterTypeName="Microsoft.VisualStudio.TestTools.TestTypes.Unit.UnitTestAdapter, Microsoft.VisualStudio.QualityTools.Tips.UnitTest.Adapter, Version=10.0.0.0, Culture=neutral, PublicKeyToken=b03f5f7f11d50a3a" className="Tests.Domain.WhenCreatingTree, Tests, Version=1.0.0.0, Culture=neutral, PublicKeyToken=null" name="EmptyTreeCanBeInitialized" />
    </UnitTest>
  </TestDefinitions>
  <TestLists>
    <TestList name="Results Not in a List" id="8c84fa94-04c1-424b-9868-57a2d4851a1d" />
    <TestList name="All Loaded Results" id="19431567-8539-422a-85d7-44ee4e166bda" />
  </TestLists>
  <TestEntries>
    <TestEntry testId="6daecd2b-89cf-cb0c-239f-1d025a26dfe9" executionId="1cc8a41e-a75e-4ad9-9d98-c447770ad78e" testListId="8c84fa94-04c1-424b-9868-57a2d4851a1d" />
    <TestEntry testId="803a54d7-6acb-b5f6-22c9-37b2376acc96" executionId="51af6ffa-3be9-4d16-b5cc-137972bd76d3" testListId="8c84fa94-04c1-424b-9868-57a2d4851a1d" />
  </TestEntries>
  <Results>
    <UnitTestResult executionId="1cc8a41e-a75e-4ad9-9d98-c447770ad78e" testId="6daecd2b-89cf-cb0c-239f-1d025a26dfe9" testName="TreeCanBeInitializedFromCollection" computerName="MARAT-DESK" duration="00:00:00.0219330" startTime="2012-11-03T19:02:23.0992259+04:00" endTime="2012-11-03T19:02:23.2292333+04:00" testType="13cdc9d9-ddb5-4fa4-a97d-d965ccfc6d4b" outcome="Failed" testListId="8c84fa94-04c1-424b-9868-57a2d4851a1d" relativeResultsDirectory="1cc8a41e-a75e-4ad9-9d98-c447770ad78e">
      <Output>
        <ErrorInfo>
          <Message>Test method Tests.Domain.WhenCreatingTree.TreeCanBeInitializedFromCollection threw exception: 
System.NotImplementedException: The method or operation is not implemented.</Message>
          <StackTrace>    at Domain.Tree`2..ctor(IEnumerable`1 initalValues) in C:\Prog\AgileCourse\Lab1\Tree\Domain\Domain\Tree.cs:line 10
   at Tests.Domain.WhenCreatingTree.TreeCanBeInitializedFromCollection() in C:\Prog\AgileCourse\Lab1\Tree\Tests\Tests\Domain\WhenCreatingTree.cs:line 15
</StackTrace>
        </ErrorInfo>
      </Output>
    </UnitTestResult>
    <UnitTestResult executionId="51af6ffa-3be9-4d16-b5cc-137972bd76d3" testId="803a54d7-6acb-b5f6-22c9-37b2376acc96" testName="EmptyTreeCanBeInitialized" computerName="MARAT-DESK" duration="00:00:00.0001856" startTime="2012-11-03T19:02:23.2312335+04:00" endTime="2012-11-03T19:02:23.2322335+04:00" testType="13cdc9d9-ddb5-4fa4-a97d-d965ccfc6d4b" outcome="Passed" testListId="8c84fa94-04c1-424b-9868-57a2d4851a1d" relativeResultsDirectory="51af6ffa-3be9-4d16-b5cc-137972bd76d3">
    </UnitTestResult>
  </Results>
</TestRun>